// Jest Snapshot v1, https://goo.gl/fbAQLP

exports[`props children should match snapshot 1`] = `
.c6 {
  line-height: 1.15;
  -ms-text-size-adjust: 100%;
  -webkit-text-size-adjust: 100%;
  margin: 0;
  overflow: visible;
  text-transform: none;
  -webkit-appearance: button;
  margin: 0;
  padding: 0;
  border: 0;
  box-sizing: border-box;
  font: 100% inherit;
  line-height: 1;
  text-align: left;
  -webkit-text-decoration: none;
  text-decoration: none;
  vertical-align: baseline;
  color: inherit;
  background: none;
  cursor: inherit;
  display: inline-block;
  max-width: 100%;
  cursor: pointer;
}

.c6:-moz-focusring {
  outline: 1px dotted ButtonText;
}

.c6::-moz-focus-inner {
  border-style: none;
  padding: 0;
}

.c6::-webkit-file-upload-button {
  -webkit-appearance: button;
  font: inherit;
}

.c6::-webkit-inner-spin-button {
  height: auto;
}

.c6::-webkit-outer-spin-button {
  height: auto;
}

.c6::before,
.c6::after {
  box-sizing: border-box;
}

.c2 {
  line-height: 1.15;
  -ms-text-size-adjust: 100%;
  -webkit-text-size-adjust: 100%;
  margin: 0;
  padding: 0;
  border: 0;
  box-sizing: border-box;
  font: 100% inherit;
  line-height: 1;
  text-align: left;
  -webkit-text-decoration: none;
  text-decoration: none;
  vertical-align: baseline;
  color: inherit;
  background: none;
  cursor: inherit;
  display: block;
  max-width: 100%;
  word-wrap: normal;
  word-break: normal;
  white-space: normal;
}

.c2::before,
.c2::after {
  box-sizing: border-box;
}

.c0 {
  line-height: 1.15;
  -ms-text-size-adjust: 100%;
  -webkit-text-size-adjust: 100%;
  margin: 0;
  padding: 0;
  border: 0;
  box-sizing: border-box;
  font: 100% inherit;
  line-height: 1;
  text-align: left;
  -webkit-text-decoration: none;
  text-decoration: none;
  vertical-align: baseline;
  color: inherit;
  background: none;
  cursor: inherit;
  display: block;
  max-width: 100%;
  word-wrap: normal;
  word-break: normal;
  white-space: normal;
}

.c0::before,
.c0::after {
  box-sizing: border-box;
}

.c4 {
  line-height: 1.15;
  -ms-text-size-adjust: 100%;
  -webkit-text-size-adjust: 100%;
  margin: 0;
  padding: 0;
  border: 0;
  box-sizing: border-box;
  font: 100% inherit;
  line-height: 1;
  text-align: left;
  -webkit-text-decoration: none;
  text-decoration: none;
  vertical-align: baseline;
  color: inherit;
  background: none;
  cursor: inherit;
  display: block;
  max-width: 100%;
  word-wrap: normal;
  word-break: normal;
  white-space: normal;
}

.c4::before,
.c4::after {
  box-sizing: border-box;
}

.c3 {
  vertical-align: baseline;
}

.c3.fi-icon {
  display: inline-block;
}

.c3 .fi-icon-base-fill {
  fill: currentColor;
}

.c3 .fi-icon-base-stroke {
  stroke: currentColor;
}

.c3.fi-icon--cursor-pointer {
  cursor: pointer;
}

.c3.fi-icon--cursor-pointer * {
  cursor: inherit;
}

.c5 {
  color: hsl(0,0%,16%);
  -webkit-letter-spacing: 0;
  -moz-letter-spacing: 0;
  -ms-letter-spacing: 0;
  letter-spacing: 0;
  -webkit-text-decoration: none;
  text-decoration: none;
  word-break: break-word;
  overflow-wrap: break-word;
  -webkit-font-smoothing: antialiased;
  font-family: 'Source Sans Pro','Helvetica Neue','Arial',sans-serif;
  font-size: 18px;
  line-height: 1.5;
  font-weight: 400;
  color: hsl(0,0%,16%);
}

.c5.fi-heading--h1hero {
  -webkit-letter-spacing: 0;
  -moz-letter-spacing: 0;
  -ms-letter-spacing: 0;
  letter-spacing: 0;
  -webkit-text-decoration: none;
  text-decoration: none;
  word-break: break-word;
  overflow-wrap: break-word;
  -webkit-font-smoothing: antialiased;
  font-family: 'Source Sans Pro','Helvetica Neue','Arial',sans-serif;
  font-size: 40px;
  line-height: 48px;
  font-weight: 600;
}

.c5.fi-heading--h1 {
  -webkit-letter-spacing: 0;
  -moz-letter-spacing: 0;
  -ms-letter-spacing: 0;
  letter-spacing: 0;
  -webkit-text-decoration: none;
  text-decoration: none;
  word-break: break-word;
  overflow-wrap: break-word;
  -webkit-font-smoothing: antialiased;
  font-family: 'Source Sans Pro','Helvetica Neue','Arial',sans-serif;
  font-size: 40px;
  line-height: 48px;
  font-weight: 300;
}

.c5.fi-heading--h2 {
  -webkit-letter-spacing: 0;
  -moz-letter-spacing: 0;
  -ms-letter-spacing: 0;
  letter-spacing: 0;
  -webkit-text-decoration: none;
  text-decoration: none;
  word-break: break-word;
  overflow-wrap: break-word;
  -webkit-font-smoothing: antialiased;
  font-family: 'Source Sans Pro','Helvetica Neue','Arial',sans-serif;
  font-size: 28px;
  line-height: 34px;
  font-weight: 600;
}

.c5.fi-heading--h3 {
  -webkit-letter-spacing: 0;
  -moz-letter-spacing: 0;
  -ms-letter-spacing: 0;
  letter-spacing: 0;
  -webkit-text-decoration: none;
  text-decoration: none;
  word-break: break-word;
  overflow-wrap: break-word;
  -webkit-font-smoothing: antialiased;
  font-family: 'Source Sans Pro','Helvetica Neue','Arial',sans-serif;
  font-size: 22px;
  line-height: 28px;
  font-weight: 600;
}

.c5.fi-heading--h4 {
  -webkit-letter-spacing: 0;
  -moz-letter-spacing: 0;
  -ms-letter-spacing: 0;
  letter-spacing: 0;
  -webkit-text-decoration: none;
  text-decoration: none;
  word-break: break-word;
  overflow-wrap: break-word;
  -webkit-font-smoothing: antialiased;
  font-family: 'Source Sans Pro','Helvetica Neue','Arial',sans-serif;
  font-size: 18px;
  line-height: 24px;
  font-weight: 600;
}

.c5.fi-heading--h5 {
  -webkit-letter-spacing: 0;
  -moz-letter-spacing: 0;
  -ms-letter-spacing: 0;
  letter-spacing: 0;
  -webkit-text-decoration: none;
  text-decoration: none;
  word-break: break-word;
  overflow-wrap: break-word;
  -webkit-font-smoothing: antialiased;
  font-family: 'Source Sans Pro','Helvetica Neue','Arial',sans-serif;
  font-size: 16px;
  line-height: 20px;
  font-weight: 600;
}

.c5.fi-heading--h6 {
  -webkit-letter-spacing: 0;
  -moz-letter-spacing: 0;
  -ms-letter-spacing: 0;
  letter-spacing: 0;
  -webkit-text-decoration: none;
  text-decoration: none;
  word-break: break-word;
  overflow-wrap: break-word;
  -webkit-font-smoothing: antialiased;
  font-family: 'Source Sans Pro','Helvetica Neue','Arial',sans-serif;
  font-size: 16px;
  line-height: 20px;
  font-weight: 600;
}

.c5.fi-heading--small-screen {
  -webkit-letter-spacing: 0;
  -moz-letter-spacing: 0;
  -ms-letter-spacing: 0;
  letter-spacing: 0;
  -webkit-text-decoration: none;
  text-decoration: none;
  word-break: break-word;
  overflow-wrap: break-word;
  -webkit-font-smoothing: antialiased;
  font-family: 'Source Sans Pro','Helvetica Neue','Arial',sans-serif;
  font-size: 32px;
  line-height: 38px;
  font-weight: 300;
}

.c5.fi-heading--small-screen.fi-heading--h1hero {
  -webkit-letter-spacing: 0;
  -moz-letter-spacing: 0;
  -ms-letter-spacing: 0;
  letter-spacing: 0;
  -webkit-text-decoration: none;
  text-decoration: none;
  word-break: break-word;
  overflow-wrap: break-word;
  -webkit-font-smoothing: antialiased;
  font-family: 'Source Sans Pro','Helvetica Neue','Arial',sans-serif;
  font-size: 32px;
  line-height: 38px;
  font-weight: 600;
}

.c5.fi-heading--small-screen.fi-heading--h1 {
  -webkit-letter-spacing: 0;
  -moz-letter-spacing: 0;
  -ms-letter-spacing: 0;
  letter-spacing: 0;
  -webkit-text-decoration: none;
  text-decoration: none;
  word-break: break-word;
  overflow-wrap: break-word;
  -webkit-font-smoothing: antialiased;
  font-family: 'Source Sans Pro','Helvetica Neue','Arial',sans-serif;
  font-size: 32px;
  line-height: 38px;
  font-weight: 300;
}

.c5.fi-heading--small-screen.fi-heading--h2 {
  -webkit-letter-spacing: 0;
  -moz-letter-spacing: 0;
  -ms-letter-spacing: 0;
  letter-spacing: 0;
  -webkit-text-decoration: none;
  text-decoration: none;
  word-break: break-word;
  overflow-wrap: break-word;
  -webkit-font-smoothing: antialiased;
  font-family: 'Source Sans Pro','Helvetica Neue','Arial',sans-serif;
  font-size: 26px;
  line-height: 32px;
  font-weight: 600;
}

.c5.fi-heading--small-screen.fi-heading--h3 {
  -webkit-letter-spacing: 0;
  -moz-letter-spacing: 0;
  -ms-letter-spacing: 0;
  letter-spacing: 0;
  -webkit-text-decoration: none;
  text-decoration: none;
  word-break: break-word;
  overflow-wrap: break-word;
  -webkit-font-smoothing: antialiased;
  font-family: 'Source Sans Pro','Helvetica Neue','Arial',sans-serif;
  font-size: 20px;
  line-height: 26px;
  font-weight: 600;
}

.c5.fi-heading--small-screen.fi-heading--h4 {
  -webkit-letter-spacing: 0;
  -moz-letter-spacing: 0;
  -ms-letter-spacing: 0;
  letter-spacing: 0;
  -webkit-text-decoration: none;
  text-decoration: none;
  word-break: break-word;
  overflow-wrap: break-word;
  -webkit-font-smoothing: antialiased;
  font-family: 'Source Sans Pro','Helvetica Neue','Arial',sans-serif;
  font-size: 16px;
  line-height: 20px;
  font-weight: 600;
}

.c5.fi-heading--small-screen.fi-heading--h5 {
  -webkit-letter-spacing: 0;
  -moz-letter-spacing: 0;
  -ms-letter-spacing: 0;
  letter-spacing: 0;
  -webkit-text-decoration: none;
  text-decoration: none;
  word-break: break-word;
  overflow-wrap: break-word;
  -webkit-font-smoothing: antialiased;
  font-family: 'Source Sans Pro','Helvetica Neue','Arial',sans-serif;
  font-size: 16px;
  line-height: 20px;
  font-weight: 600;
}

.c5.fi-heading--small-screen.fi-heading--h6 {
  -webkit-letter-spacing: 0;
  -moz-letter-spacing: 0;
  -ms-letter-spacing: 0;
  letter-spacing: 0;
  -webkit-text-decoration: none;
  text-decoration: none;
  word-break: break-word;
  overflow-wrap: break-word;
  -webkit-font-smoothing: antialiased;
  font-family: 'Source Sans Pro','Helvetica Neue','Arial',sans-serif;
  font-size: 16px;
  line-height: 20px;
  font-weight: 600;
}

.c1 {
  color: hsl(0,0%,16%);
  -webkit-letter-spacing: 0;
  -moz-letter-spacing: 0;
  -ms-letter-spacing: 0;
  letter-spacing: 0;
  -webkit-text-decoration: none;
  text-decoration: none;
  word-break: break-word;
  overflow-wrap: break-word;
  -webkit-font-smoothing: antialiased;
  font-family: 'Source Sans Pro','Helvetica Neue','Arial',sans-serif;
  font-size: 16px;
  line-height: 1.5;
  font-weight: 400;
  width: 100%;
  box-shadow: 0px 4px 8px 0px rgba(41,41,41,0.14);
  border-radius: 4px;
  display: block;
  -webkit-box-pack: justify;
  -webkit-justify-content: space-between;
  -ms-flex-pack: justify;
  justify-content: space-between;
  padding-bottom: 10px;
}

.c1.fi-notification .fi-notification_style-wrapper {
  padding: 0 33px 10px 41px;
  display: -webkit-box;
  display: -webkit-flex;
  display: -ms-flexbox;
  display: flex;
  -webkit-align-items: flex-start;
  -webkit-box-align: flex-start;
  -ms-flex-align: flex-start;
  align-items: flex-start;
  overflow: hidden;
}

.c1.fi-notification .fi-notification_text-content-wrapper {
  padding-top: 20px;
  padding-left: 20px;
  -webkit-box-flex: 1;
  -webkit-flex-grow: 1;
  -ms-flex-positive: 1;
  flex-grow: 1;
}

.c1.fi-notification .fi-notification_text-content-wrapper .fi-notification_content {
  vertical-align: middle;
}

.c1.fi-notification .fi-notification_text-content-wrapper .fi-notification_content .fi-notification_contentWrapper {
  -webkit-letter-spacing: 0;
  -moz-letter-spacing: 0;
  -ms-letter-spacing: 0;
  letter-spacing: 0;
  -webkit-text-decoration: none;
  text-decoration: none;
  word-break: break-word;
  overflow-wrap: break-word;
  -webkit-font-smoothing: antialiased;
  font-family: 'Source Sans Pro','Helvetica Neue','Arial',sans-serif;
  font-size: 16px;
  line-height: 1.5;
  font-weight: 400;
}

.c1.fi-notification .fi-notification_heading {
  -webkit-letter-spacing: 0;
  -moz-letter-spacing: 0;
  -ms-letter-spacing: 0;
  letter-spacing: 0;
  -webkit-text-decoration: none;
  text-decoration: none;
  word-break: break-word;
  overflow-wrap: break-word;
  -webkit-font-smoothing: antialiased;
  font-family: 'Source Sans Pro','Helvetica Neue','Arial',sans-serif;
  font-size: 18px;
  line-height: 1.5;
  font-weight: 600;
  margin-bottom: 5px;
}

.c1.fi-notification .fi-notification_action-element-wrapper {
  padding: 20px 26px 19px 87px;
}

.c1.fi-notification .fi-notification_action-element-wrapper .fi-button {
  margin-top: 10px;
  margin-right: 15px;
}

.c1.fi-notification .fi-notification_action-element-wrapper .fi-button:first-child {
  margin-top: 0;
}

.c1.fi-notification .fi-notification_icon-wrapper {
  padding-top: 20px;
  -webkit-flex: none;
  -ms-flex: none;
  flex: none;
}

.c1.fi-notification .fi-notification_icon-wrapper .fi-notification_icon {
  height: 24px;
  width: 24px;
}

.c1.fi-notification .fi-notification_close-button {
  -webkit-letter-spacing: 0;
  -moz-letter-spacing: 0;
  -ms-letter-spacing: 0;
  letter-spacing: 0;
  -webkit-text-decoration: none;
  text-decoration: none;
  word-break: break-word;
  overflow-wrap: break-word;
  -webkit-font-smoothing: antialiased;
  font-family: 'Source Sans Pro','Helvetica Neue','Arial',sans-serif;
  font-size: 16px;
  line-height: 1.5;
  font-weight: 400;
  height: 40px;
  display: inline-block;
  padding: 7px;
  margin-top: 11px;
  margin-right: 10px;
  border: 1px solid transparent;
  border-radius: 2px;
  white-space: nowrap;
  text-transform: uppercase;
}

.c1.fi-notification .fi-notification_close-button .fi-icon {
  width: 14px;
  height: 14px;
  margin-left: 5px;
  -webkit-transform: translateY(0.1em);
  -ms-transform: translateY(0.1em);
  transform: translateY(0.1em);
}

.c1.fi-notification .fi-notification_close-button:focus-visible {
  outline: 0;
  position: relative;
}

.c1.fi-notification .fi-notification_close-button:focus-visible:after {
  content: '';
  position: absolute;
  pointer-events: none;
  top: -2px;
  right: -2px;
  bottom: -2px;
  left: -2px;
  border-radius: 2px;
  background-color: transparent;
  border: 0px solid hsl(0,0%,100%);
  box-sizing: border-box;
  box-shadow: 0 0 0 2px hsl(196,77%,44%);
  z-index: 9999;
}

.c1.fi-notification .fi-notification_close-button:active {
  background: linear-gradient(-180deg,hsl(202,7%,80%) 0%,rgba(255,255,255,0) 100%);
}

.c1.fi-notification .fi-notification_close-button:hover {
  border-color: hsl(0,0%,16%);
}

.c1.fi-notification--neutral {
  border-top: 4px solid hsl(196,77%,44%);
}

.c1.fi-notification--neutral .fi-notification_icon-wrapper .fi-icon .fi-icon-base-fill {
  fill: hsl(196,77%,44%);
}

.c1.fi-notification--error {
  border-top: 4px solid hsl(3,59%,48%);
}

.c1.fi-notification--error .fi-notification_icon-wrapper .fi-icon .fi-icon-base-fill {
  fill: hsl(3,59%,48%);
}

.c1.fi-notification.fi-notification--small-screen {
  padding-bottom: 20px;
}

.c1.fi-notification.fi-notification--small-screen .fi-notification_text-content-wrapper {
  padding-top: 15px;
  padding-left: 12px;
  padding-right: 12px;
  display: -webkit-box;
  display: -webkit-flex;
  display: -ms-flexbox;
  display: flex;
  -webkit-flex-direction: column;
  -ms-flex-direction: column;
  flex-direction: column;
}

.c1.fi-notification.fi-notification--small-screen .fi-notification_close-button {
  margin: 3px;
}

.c1.fi-notification.fi-notification--small-screen .fi-notification_close-button .fi-icon {
  margin-right: 5px;
}

.c1.fi-notification.fi-notification--small-screen .fi-notification_style-wrapper {
  padding: 0;
}

.c1.fi-notification.fi-notification--small-screen .fi-notification_icon-wrapper {
  padding-top: 17px;
  padding-left: 17px;
}

.c1.fi-notification.fi-notification--small-screen .fi-notification_action-element-wrapper {
  padding: 0 15px;
}

.c1.fi-notification.fi-notification--small-screen .fi-notification_action-element-wrapper .fi-button {
  width: 100%;
  margin-top: 15px;
  margin-right: 0;
}

<div>
  <section
    class="c0 fi-notification fi-notification--neutral c1"
  >
    <div
      class="c2 fi-notification_style-wrapper"
    >
      <div
        class="c2 fi-notification_icon-wrapper"
      >
        <svg
          aria-hidden="true"
          class="fi-icon c3 fi-notification_icon"
          focusable="false"
          height="1em"
          viewBox="0 0 24 24"
          width="1em"
          xmlns="http://www.w3.org/2000/svg"
        >
          <path
            class="fi-icon-base-fill"
            d="M12 0c6.617 0 12 5.383 12 12s-5.383 12-12 12S0 18.617 0 12 5.383 0 12 0zm0 2C6.486 2 2 6.486 2 12s4.486 10 10 10 10-4.486 10-10S17.514 2 12 2zm.003 8a1 1 0 011 1v6h1a1 1 0 010 2H10a1 1 0 010-2h1v-5h-1a1 1 0 010-2h2.003zm-.501-5a1.5 1.5 0 01.145 2.994L11.502 8H11.5a1.5 1.5 0 110-3h.002z"
            fill="#222"
            fill-rule="evenodd"
          />
        </svg>
      </div>
      <div
        aria-live="polite"
        class="c2 fi-notification_text-content-wrapper"
        id="7"
      >
        <div
          class="c2 fi-notification_content"
        >
          <h2
            class="c4 fi-heading c5 fi-notification_heading fi-heading--h2"
          >
            Lorem ipsum dolor sit
          </h2>
          <div
            class="c2 fi-notification_contentWrapper"
          >
            <div>
              Test notification
            </div>
          </div>
        </div>
      </div>
      <button
        aria-describedby="7"
        class="c6 fi-notification_close-button"
        type="button"
      >
        Close
        <svg
          aria-hidden="true"
          class="fi-icon c3"
          focusable="false"
          height="1em"
          viewBox="0 0 24 24"
          width="1em"
          xmlns="http://www.w3.org/2000/svg"
        >
          <path
            class="fi-icon-base-fill"
            d="M4.75 3.3L12 10.55l7.25-7.25a1.026 1.026 0 011.45 1.45L13.45 12l7.25 7.25a1.026 1.026 0 01-1.45 1.45L12 13.45 4.75 20.7a1.026 1.026 0 01-1.45-1.45L10.55 12 3.3 4.75A1.026 1.026 0 014.75 3.3z"
            fill="#222"
            fill-rule="evenodd"
          />
        </svg>
      </button>
    </div>
  </section>
</div>
`;
